const _naga_oil_mod_MNXW443UOM_memberPI: f32 = 3.1;

fn _naga_oil_mod_ME_memberf() -> f32 {
    return (_naga_oil_mod_MNXW443UOM_memberPI * 1.0);
}

fn _naga_oil_mod_MI_memberf() -> f32 {
    return (_naga_oil_mod_MNXW443UOM_memberPI * 2.0);
}

fn _naga_oil_mod_MI_memberg() -> f32 {
    return (_naga_oil_mod_MNXW443UOM_memberPI * 2.0);
}

fn main() -> f32 {
    let _e0: f32 = _naga_oil_mod_ME_memberf();
    let _e1: f32 = _naga_oil_mod_MI_memberf();
    return (_e0 * _e1);
}

