struct FragmentOutput {
    @location(0) out_color: vec4<f32>,
}

let _naga_oil__mod__MNXW23LPNY__member__my_constant: f32 = 0.5;

var<private> out_color: vec4<f32>;

fn _naga_oil__mod__MNXW23LPNY__member__main() {
    return;
}

fn main_1() {
    out_color = vec4<f32>(f32(1), 0.5, f32(0), f32(1));
    return;
}

@fragment 
fn main() -> FragmentOutput {
    main_1();
    let _e1: vec4<f32> = out_color;
    return FragmentOutput(_e1);
}
