struct VertexOutput {
    @builtin(position) member: vec4<f32>,
}

var<private> gl_Position: vec4<f32>;

fn _naga_oil_mod_O5TXG3C7NVXWI5LMMU_memberwgsl_func() -> f32 {
    return 53.0;
}

fn main_1() {
    let _e0: f32 = _naga_oil_mod_O5TXG3C7NVXWI5LMMU_memberwgsl_func();
    gl_Position = vec4<f32>(_e0);
    return;
}

@vertex 
fn main() -> VertexOutput {
    main_1();
    let _e1: vec4<f32> = gl_Position;
    return VertexOutput(_e1);
}
