



    let _e1: u32 = _naga_oil_mod_MNXW443UOM_memberdouble(_naga_oil_mod_MNXW443UOM_memberX);
    let _e1: u32 = _naga_oil_mod_MNXW443UOM_memberdouble(_naga_oil_mod_MNXW443UOM_memberY);
    return (in * 2u);
    return _e1;
    return _e1;
const _naga_oil_mod_MNXW443UOM_memberX: u32 = 1u;
const _naga_oil_mod_MNXW443UOM_memberY: u32 = 2u;
fn _naga_oil_mod_MNXW443UOM_memberdouble(in: u32) -> u32 {
fn main() -> u32 {
fn other() -> u32 {
}
}
}